exports[`S-09-037 > Configurable Parameters on Visit Edit mode > Intervisit Spatial Map > cannot be left blank #0`] =
{
  "snapshot": "this field cannot be left blank"
};

exports[`S-09-037 > Configurable Parameters on Visit Edit mode > Intervisit Spatial Map > cannot be left blank #1`] =
{
  "snapshot": ""
};

exports[`S-09-037 > Configurable Parameters on Visit Edit mode > Intervisit Spatial Map > must be an integer #0`] =
{
  "snapshot": "this field cannot be left blank"
};

exports[`S-09-037 > Configurable Parameters on Visit Edit mode > Intervisit Spatial Map > must be an integer #1`] =
{
  "snapshot": ""
};

exports[`S-09-037 > Configurable Parameters on Visit Edit mode > Intervisit Spatial Map > min is 1 max is 500 #0`] =
{
  "snapshot": "max value is 500"
};

exports[`S-09-037 > Configurable Parameters on Visit Edit mode > Intervisit Spatial Map > min is 1 max is 500 #1`] =
{
  "snapshot": ""
};

exports[`S-09-037 > Configurable Parameters on Visit Edit mode > visit window > max to 100 #0`] =
{
  "snapshot": "max value is 100"
};

exports[`S-09-037 > Configurable Parameters on Visit Edit mode > visit window > max to 100 #1`] =
{
  "snapshot": ""
};

exports[`S-09-037 > Configurable Parameters on Visit Edit mode > visit name > cannot be left blank #0`] =
{
  "snapshot": "this field cannot be left blank"
};

exports[`S-09-037 > Configurable Parameters on Visit Edit mode > visit name > cannot be left blank #1`] =
{
  "snapshot": ""
};

exports[`S-09-037 > Configurable Parameters on Visit Edit mode > visit name > validate special characters #0`] =
{
  "snapshot": "can only contain letters, numbers and special characters: [space], -, _, #"
};

exports[`S-09-037 > Configurable Parameters on Visit Edit mode > visit name > validate special characters #1`] =
{
  "snapshot": ""
};

exports[`S-09-037 > Configurable Parameters on Visit Edit mode > visit name > max is 25 #0`] =
{
  "snapshot": "min 1 character, max 25 characters"
};

exports[`S-09-037 > Configurable Parameters on Visit Edit mode > visit name > max is 25 #1`] =
{
  "snapshot": ""
};

exports[`S-09-037 > Configurable Parameters on Visit Edit mode > visit target (dayOffset) > cannot be left blank #0`] =
{
  "snapshot": "this field cannot be left blank"
};

exports[`S-09-037 > Configurable Parameters on Visit Edit mode > visit target (dayOffset) > cannot be left blank #1`] =
{
  "snapshot": ""
};

exports[`S-09-037 > Configurable Parameters on Visit Edit mode > visit target (dayOffset) > max to 5000 #0`] =
{
  "snapshot": "max value is 5000"
};

exports[`S-09-037 > Configurable Parameters on Visit Edit mode > visit target (dayOffset) > max to 5000 #1`] =
{
  "snapshot": ""
};

exports[`S-09-037 > Configurable Parameters on Visit Edit mode > visit target (dayOffset) > cannot have duplicate dayOffset #0`] =
{
  "snapshot": "cannot have more than one visit on the same day"
};

exports[`S-09-037 > Configurable Parameters on Visit Edit mode > visit target (dayOffset) > cannot have duplicate dayOffset #1`] =
{
  "snapshot": ""
};

exports[`S-09-037 > Configurable Parameters on Visit Edit mode > visit target (dayOffset) > editing visit target will automatically update the visit interval #0`] =
{
  "snapshot": "3 days"
};

exports[`S-09-037 > Configurable Parameters on Visit Edit mode > visit target (dayOffset) > editing interval value will automatically update the visit target #0`] =
{
  "snapshot": "10"
};
