exports[`S-09-037 > Control Buttons on Visit Block > button done > invalid entry won't confirm the edit #0`] =
{
  "snapshot": "can only contain letters, numbers and special characters: [space], -, _, #"
};

exports[`S-09-037 > Control Buttons on Visit Block > button done > invalid entry won't confirm the edit #1`] =
{
  "snapshot": ""
};

exports[`S-09-037 > Control Buttons on Visit Block > snapshots text changes > snapshot headerCells #0`] =
{
  "snapshot": "new visit 1Anchor Visit"
};

exports[`S-09-037 > Control Buttons on Visit Block > snapshots text changes > snapshot headerCells #1`] =
{
  "snapshot": "-2+2new visit 21 Day after Anchor"
};

exports[`S-09-037 > Control Buttons on Visit Block > snapshots text changes > snapshot headerCells #2`] =
{
  "snapshot": "-2+2Hello World9 Days after Anchor"
};

exports[`S-09-037 > Control Buttons on Visit Block > snapshots text changes > snapshot headerCells #3`] =
{
  "snapshot": "-2+2Edited Visit10 Days after Anchor"
};
