exports[`S-09-037 > inactive edit mode > checks if fields have a light blue border #0`] =
{
  "borderColor": "rgb(49, 75, 158)"
};

exports[`S-09-037 > inactive edit mode > can drag visit #0`] =
{
  "snapshot": "Anchor Visitmovedelete-2+2new visit 31 Day after Anchor"
};

exports[`S-09-037 > inactive edit mode > can drag visit #1`] =
{
  "snapshot": "-2+2new visit 23 Days after Anchor"
};
